Microchip MPLAB XC8 Compiler V2.32

Linker command line:

-W-3 --edf=C:\Program Files\Microchip\xc8\v2.32\pic\dat\en_msgs.txt -cn \
  -h+dist/default/production\Postlab7.X.production.sym \
  --cmf=dist/default/production\Postlab7.X.production.cmf -z -Q16F887 \
  -oC:\Users\fjltu\AppData\Local\Temp\xcAsiag.4 --defsym=__MPLAB_BUILD=1 \
  -Mdist/default/production/Postlab7.X.production.map -E1 -ver=XC8 Compiler \
  --acfsm=1493 -ASTACK=0110h-016Fh -pstack=STACK -ACODE=00h-07FFhx4 \
  -ASTRCODE=00h-01FFFh -ASTRING=00h-0FFhx32 -ACONST=00h-0FFhx32 \
  -AENTRY=00h-0FFhx32 -ACOMMON=070h-07Fh -ABANK0=020h-06Fh \
  -ABANK1=0A0h-0EFh -ABANK2=0110h-016Fh -ABANK3=0190h-01EFh \
  -ARAM=020h-06Fh,0A0h-0EFh,0110h-016Fh,0190h-01EFh \
  -AABS1=020h-07Fh,0A0h-0EFh,0110h-016Fh,0190h-01EFh -ASFR0=00h-01Fh \
  -ASFR1=080h-09Fh -ASFR2=0100h-010Fh -ASFR3=0180h-018Fh \
  -ACONFIG=02007h-02008h -DCONFIG=2 -AIDLOC=02000h-02003h -DIDLOC=2 \
  -AEEDATA=00h-0FFh/02100h -peeprom_data=EEDATA -DEEDATA=2 -DCODE=2 \
  -DSTRCODE=2 -DSTRING=2 -DCONST=2 -DENTRY=2 \
  -preset_vec=00h,intentry=04h,init,end_init -ppowerup=CODE -pcinit=CODE \
  -pfunctab=ENTRY -k C:\Users\fjltu\AppData\Local\Temp\xcAsiag.o \
  dist/default/production\Postlab7.X.production.o 

Object code version is 3.11

Machine type is 16F887



                Name                               Link     Load   Length Selector   Space Scale
C:\Users\fjltu\AppData\Local\Temp\xcAsiag.o
                end_init                              E        E        3        8       0
                reset_vec                             0        0        3        0       0
                config                             2007     2007        2        0       4
dist/default/production\Postlab7.X.production.o
                cinit                                11       11        E        8       0
                intentry                              4        4        A        8       0
                config                             2007     2007        2        0       4
                text10                              1B8      1B8       43        8       0
                text9                               268      268        4        8       0
                text8                               23A      23A       13        8       0
                text7                               262      262        6        8       0
                text6                               25A      25A        8        8       0
                text5                               24D      24D        D        8       0
                text4                                8F       8F       69        8       0
                text3                               15D      15D       5B        8       0
                text2                                F8       F8       65        8       0
                text1                               1FB      1FB       3F        8       0
                maintext                             1F       1F       70        8       0
                cstackBANK0                          20       20       13       20       1
                cstackCOMMON                         70       70        8       70       1
                bssBANK0                             33       33        7       20       1
                bssCOMMON                            78       78        1       70       1

TOTAL           Name                               Link     Load   Length     Space
        CLASS   STACK          

        CLASS   CODE           
                end_init                              E        E        3         0
                cinit                                11       11        E         0
                intentry                              4        4        A         0
                reset_vec                             0        0        3         0
                text10                              1B8      1B8       43         0
                text9                               268      268        4         0
                text8                               23A      23A       13         0
                text7                               262      262        6         0
                text6                               25A      25A        8         0
                text5                               24D      24D        D         0
                text4                                8F       8F       69         0
                text3                               15D      15D       5B         0
                text2                                F8       F8       65         0
                text1                               1FB      1FB       3F         0
                maintext                             1F       1F       70         0

        CLASS   STRCODE        

        CLASS   STRING         

        CLASS   CONST          

        CLASS   ENTRY          

        CLASS   COMMON         
                cstackCOMMON                         70       70        8         1
                bssCOMMON                            78       78        1         1

        CLASS   BANK0          
                cstackBANK0                          20       20       13         1
                bssBANK0                             33       33        7         1

        CLASS   BANK1          

        CLASS   BANK2          

        CLASS   BANK3          

        CLASS   RAM            

        CLASS   ABS1           
                abs_s1                               7E       7E        2         1

        CLASS   SFR0           

        CLASS   SFR1           

        CLASS   SFR2           

        CLASS   SFR3           

        CLASS   CONFIG         
                config                             2007     2007        2         4

        CLASS   IDLOC          

        CLASS   EEDATA         



SEGMENTS        Name                           Load    Length   Top    Selector   Space  Class     Delta

                reset_vec                      000000  000003  000003         0       0  CODE        2
                intentry                       000004  000268  00026C         8       0  CODE        2
                cstackBANK0                    000020  00001A  00003A        20       1  BANK0       1
                cstackCOMMON                   000070  000009  000079        70       1  COMMON      1


UNUSED ADDRESS RANGES

        Name                Unused          Largest block    Delta
        BANK0            003A-006F             36           1
        BANK1            00A0-00EF             50           1
        BANK2            0110-016F             60           1
        BANK3            0190-01EF             60           1
        CODE             0003-0003              1           2
                         026C-1FFF            800
        COMMON           0079-007D              5           1
        CONST            0003-0003              1           2
                         026C-1FFF            100
        EEDATA           2100-21FF            100           2
        ENTRY            0003-0003              1           2
                         026C-1FFF            100
        IDLOC            2000-2003              4           2
        RAM              003A-006F             36           1
                         00A0-00EF             50
                         0110-016F             60
                         0190-01EF             60
        SFR0             0000-001F             20           1
        SFR1             0080-009F             20           1
        SFR2             0100-010F             10           1
        SFR3             0180-018F             10           1
        STACK            0110-016F             60           1
        STRCODE          0003-0003              1           2
                         026C-1FFF           1D94
        STRING           0003-0003              1           2
                         026C-1FFF            100

                                  Symbol Table

?___awdiv                cstackBANK0  0020
?___awmod                cstackBANK0  0020
_ANSEL                   (abs)        0188
_ANSELH                  (abs)        0189
_INTCONbits              (abs)        000B
_OPTION_REGbits          (abs)        0081
_OSCCONbits              (abs)        008F
_PORTA                   (abs)        0005
_PORTB                   (abs)        0006
_PORTBbits               (abs)        0006
_PORTC                   (abs)        0007
_PORTD                   (abs)        0008
_RB0                     (abs)        0030
_RB1                     (abs)        0031
_TMR0                    (abs)        0001
_TRISA                   (abs)        0085
_TRISB                   (abs)        0086
_TRISC                   (abs)        0087
_TRISD                   (abs)        0088
_WPUB                    (abs)        0095
__Habs1                  abs1         0000
__Hbank0                 bank0        0000
__Hbank1                 bank1        0000
__Hbank2                 bank2        0000
__Hbank3                 bank3        0000
__HbssBANK0              bssBANK0     0000
__HbssCOMMON             bssCOMMON    0000
__Hcinit                 cinit        001F
__Hclrtext               clrtext      0000
__Hcode                  code         0000
__Hcommon                common       0000
__Hconfig                config       2009
__HcstackBANK0           cstackBANK0  0000
__HcstackCOMMON          cstackCOMMON 0000
__Heeprom_data           eeprom_data  0000
__Hend_init              end_init     0011
__Hfunctab               functab      0000
__Hinit                  init         000E
__Hintentry              intentry     000E
__Hmaintext              maintext     0000
__Hpowerup               powerup      0000
__Hram                   ram          0000
__Hreset_vec             reset_vec    0003
__Hsfr0                  sfr0         0000
__Hsfr1                  sfr1         0000
__Hsfr2                  sfr2         0000
__Hsfr3                  sfr3         0000
__Hspace_0               (abs)        026C
__Hspace_1               (abs)        0079
__Hspace_2               (abs)        0000
__Hspace_3               (abs)        0000
__Hspace_4               (abs)        4010
__Hstack                 stack        0000
__Hstrings               strings      0000
__Htext                  text         0000
__Labs1                  abs1         0000
__Lbank0                 bank0        0000
__Lbank1                 bank1        0000
__Lbank2                 bank2        0000
__Lbank3                 bank3        0000
__LbssBANK0              bssBANK0     0000
__LbssCOMMON             bssCOMMON    0000
__Lcinit                 cinit        0011
__Lclrtext               clrtext      0000
__Lcode                  code         0000
__Lcommon                common       0000
__Lconfig                config       0000
__LcstackBANK0           cstackBANK0  0000
__LcstackCOMMON          cstackCOMMON 0000
__Leeprom_data           eeprom_data  0000
__Lend_init              end_init     000E
__Lfunctab               functab      0000
__Linit                  init         000E
__Lintentry              intentry     0004
__Lmaintext              maintext     0000
__Lpowerup               powerup      0000
__Lram                   ram          0000
__Lreset_vec             reset_vec    0000
__Lsfr0                  sfr0         0000
__Lsfr1                  sfr1         0000
__Lsfr2                  sfr2         0000
__Lsfr3                  sfr3         0000
__Lspace_0               (abs)        0000
__Lspace_1               (abs)        0000
__Lspace_2               (abs)        0000
__Lspace_3               (abs)        0000
__Lspace_4               (abs)        0000
__Lstack                 stack        0000
__Lstrings               strings      0000
__Ltext                  text         0000
__S0                     (abs)        026C
__S1                     (abs)        0079
__S2                     (abs)        0000
__S3                     (abs)        0000
___awdiv                 text4        008F
___awdiv@counter         cstackBANK0  0024
___awdiv@dividend        cstackBANK0  0022
___awdiv@divisor         cstackBANK0  0020
___awdiv@quotient        cstackBANK0  0026
___awdiv@sign            cstackBANK0  0025
___awmod                 text3        015D
___awmod@counter         cstackCOMMON 0076
___awmod@dividend        cstackBANK0  0022
___awmod@divisor         cstackBANK0  0020
___awmod@sign            cstackCOMMON 0077
___int_sp                stack        0000
___latbits               (abs)        0002
___sp                    stack        0000
___stackhi               (abs)        0000
___stacklo               (abs)        0000
__end_of___awdiv         text4        00F8
__end_of___awmod         text3        01B8
__end_of__initialization cinit        001B
__end_of_config_int      text9        026C
__end_of_config_io       text8        024D
__end_of_config_pullups  text7        0268
__end_of_config_reloj    text6        0262
__end_of_config_tmr0     text5        025A
__end_of_divisor         text2        015D
__end_of_isr             text10       01FB
__end_of_main            maintext     008F
__end_of_tabla           text1        023A
__initialization         cinit        0011
__pbssBANK0              bssBANK0     0033
__pbssCOMMON             bssCOMMON    0078
__pcstackBANK0           cstackBANK0  0020
__pcstackCOMMON          cstackCOMMON 0070
__pintentry              intentry     0004
__pmaintext              maintext     001F
__ptext1                 text1        01FB
__ptext10                text10       01B8
__ptext2                 text2        00F8
__ptext3                 text3        015D
__ptext4                 text4        008F
__ptext5                 text5        024D
__ptext6                 text6        025A
__ptext7                 text7        0262
__ptext8                 text8        023A
__ptext9                 text9        0268
__size_of___awdiv        (abs)        0000
__size_of___awmod        (abs)        0000
__size_of_config_int     (abs)        0000
__size_of_config_io      (abs)        0000
__size_of_config_pullups (abs)        0000
__size_of_config_reloj   (abs)        0000
__size_of_config_tmr0    (abs)        0000
__size_of_divisor        (abs)        0000
__size_of_isr            (abs)        0000
__size_of_main           (abs)        0000
__size_of_tabla          (abs)        0000
_cen                     bssBANK0     0039
_cen_d                   bssBANK0     0035
_config_int              text9        0268
_config_io               text8        023A
_config_pullups          text7        0262
_config_reloj            text6        025A
_config_tmr0             text5        024D
_dec                     bssBANK0     0038
_dec_d                   bssBANK0     0034
_divisor                 text2        00F8
_estado                  bssCOMMON    0078
_isr                     text10       01B8
_main                    maintext     001F
_num                     bssBANK0     0036
_tabla                   text1        01FB
_uni                     bssBANK0     0037
_uni_d                   bssBANK0     0033
btemp                    (abs)        007E
divisor@centena          cstackBANK0  0028
divisor@decena           cstackBANK0  0029
divisor@num              cstackBANK0  002E
divisor@tempRes          cstackBANK0  002F
divisor@unidad           cstackBANK0  002A
end_of_initialization    cinit        001B
interrupt_function       intentry     0004
intlevel0                functab      0000
intlevel1                functab      0000
intlevel2                functab      0000
intlevel3                functab      0000
intlevel4                functab      0000
intlevel5                functab      0000
reset_vec                reset_vec    0000
saved_w                  (abs)        007E
start                    init         000E
start_initialization     cinit        0011
tabla@valor              cstackCOMMON 0077
wtemp0                   (abs)        007E


MODULE INFORMATION

Module		Function		Class		Link	Load	Size
Postlab7.c
		_config_pullups		CODE           	0262	0000	6
		_main          		CODE           	001F	0000	112
		_isr           		CODE           	01B8	0000	67
		_tabla         		CODE           	01FB	0000	63
		_config_io     		CODE           	023A	0000	19
		_config_int    		CODE           	0268	0000	4
		_config_tmr0   		CODE           	024D	0000	13
		_divisor       		CODE           	00F8	0000	101
		_config_reloj  		CODE           	025A	0000	8

Postlab7.c estimated size: 393

C:\Program Files\Microchip\xc8\v2.32\pic\sources\c90\common\awmod.c
		___awmod       		CODE           	015D	0000	91

C:\Program Files\Microchip\xc8\v2.32\pic\sources\c90\common\awmod.c estimated size: 91

shared
		__initialization		CODE           	0011	0000	10

shared estimated size: 10

C:\Program Files\Microchip\xc8\v2.32\pic\sources\c90\common\awdiv.c
		___awdiv       		CODE           	008F	0000	105

C:\Program Files\Microchip\xc8\v2.32\pic\sources\c90\common\awdiv.c estimated size: 105

